../Drivers/STM32WLxx_HAL_Driver/Inc/stm32wlxx_ll_bus.h:449:22:LL_AHB2_GRP1_EnableClock	24	static
../Drivers/STM32WLxx_HAL_Driver/Inc/stm32wlxx_ll_bus.h:914:22:LL_APB1_GRP1_EnableClock	24	static
../Drivers/STM32WLxx_HAL_Driver/Inc/stm32wlxx_ll_bus.h:1018:22:LL_APB1_GRP1_DisableClock	16	static
../Core/Src/stm32wlxx_nucleo_bus.c:90:9:BSP_I2C2_Init	16	static
../Core/Src/stm32wlxx_nucleo_bus.c:138:9:BSP_I2C2_DeInit	16	static
../Core/Src/stm32wlxx_nucleo_bus.c:166:9:BSP_I2C2_IsReady	24	static
../Core/Src/stm32wlxx_nucleo_bus.c:187:9:BSP_I2C2_WriteReg	48	static
../Core/Src/stm32wlxx_nucleo_bus.c:213:10:BSP_I2C2_ReadReg	48	static
../Core/Src/stm32wlxx_nucleo_bus.c:241:9:BSP_I2C2_WriteReg16	48	static
../Core/Src/stm32wlxx_nucleo_bus.c:266:10:BSP_I2C2_ReadReg16	48	static
../Core/Src/stm32wlxx_nucleo_bus.c:291:9:BSP_I2C2_Send	32	static
../Core/Src/stm32wlxx_nucleo_bus.c:316:9:BSP_I2C2_Recv	32	static
../Core/Src/stm32wlxx_nucleo_bus.c:391:9:BSP_GetTick	8	static
../Core/Src/stm32wlxx_nucleo_bus.c:397:26:MX_I2C2_Init	24	static
../Core/Src/stm32wlxx_nucleo_bus.c:427:13:I2C2_MspInit	40	static
../Core/Src/stm32wlxx_nucleo_bus.c:460:13:I2C2_MspDeInit	16	static
