../Drivers/STM32WLxx_HAL_Driver/Inc/stm32wlxx_ll_bus.h:449:22:LL_AHB2_GRP1_EnableClock	24	static
../AMG8833/../AMG8833/amg8833.C:23:19:AMG8833_Init	32	static
../AMG8833/../AMG8833/amg8833.C:62:19:AMG8833_ReadPixels	160	static
../AMG8833/../AMG8833/amg8833.C:92:5:AMG8833_PrepareChirpStackData	40	static
../AMG8833/../AMG8833/amg8833.C:132:6:AMG8833_GetStats	32	static
../AMG8833/../AMG8833/amg8833.C:151:19:AMG8833_Sleep	32	static
../AMG8833/../AMG8833/amg8833.C:161:19:AMG8833_WakeUp	32	static
../AMG8833/../AMG8833/amg8833.C:181:6:AMG8833_GetRawPixels	16	static
../AMG8833/../AMG8833/amg8833.C:190:6:AMG8833_GetTemperatures	16	static
../AMG8833/../AMG8833/dev_conf.C:29:19:AMG8833_ConfigureI2C	4	static
../AMG8833/../AMG8833/dev_conf.C:74:19:AMG8833_AdjustConfig	40	static
../AMG8833/../AMG8833/dev_conf.C:94:19:AMG8833_ConfigureInterrupt	64	static
../AMG8833/../TDS/tds_sensor.c:44:19:ADC_ReadAllChannels	32	static
../AMG8833/../TDS/tds_sensor.c:95:10:ADC_GetChannelValue	16	static
../AMG8833/../TDS/tds_sensor.c:109:19:ADC_ForceRefresh	16	static
../AMG8833/../TDS/tds_sensor.c:132:20:TDS_ClassifyWaterQuality	16	static
../AMG8833/../TDS/tds_sensor.c:166:19:TDS_Init	16	static
../AMG8833/../TDS/tds_sensor.c:191:10:TDS_ReadRawADC	8	static
../AMG8833/../TDS/tds_sensor.c:207:7:TDS_ADCToVoltage	16	static
../AMG8833/../TDS/tds_sensor.c:218:7:TDS_VoltageToconductivity	24	static
../AMG8833/../TDS/tds_sensor.c:242:7:TDS_ConductivityToTDS	24	static
../AMG8833/../TDS/tds_sensor.c:261:7:TDS_ApplyTemperatureCompensation	24	static
../AMG8833/../TDS/tds_sensor.c:275:9:TDS_IsSensorConnected	8	static
../AMG8833/../TDS/tds_sensor.c:313:20:TDS_ReadSensor	72	static
../AMG8833/../TDS/tds_sensor.c:355:20:TDS_ReadSensorDefault	16	static
../AMG8833/../TDS/tds_sensor.c:364:7:TDS_GetValue	40	static
../AMG8833/../TDS/tds_sensor.c:375:13:TDS_GetWaterQualityString	16	static
../AMG8833/../TDS/tds_sensor.c:386:19:TDS_Calibrate	24	static
../AMG8833/../TDS/tds_sensor.c:412:19:TDS_ResetCalibration	4	static
../AMG8833/../TDS/tds_sensor.c:425:24:TDS_GetCalibration	16	static
../AMG8833/../TDS/tds_sensor.c:435:9:TDS_IsReadingValid	8	static
../AMG8833/../PH/ph_sensor.c:46:14:pH_CalculateSlope	16	static
../AMG8833/../PH/ph_sensor.c:58:14:pH_ApplyTemperatureCompensation	24	static
../AMG8833/../PH/ph_sensor.c:71:19:pH_Init	8	static
../AMG8833/../PH/ph_sensor.c:90:10:pH_ReadRawADC	8	static
../AMG8833/../PH/ph_sensor.c:106:7:pH_ADCToVoltage	16	static
../AMG8833/../PH/ph_sensor.c:116:19:pH_ReadSensor	40	static
../AMG8833/../PH/ph_sensor.c:150:19:pH_ReadSensorDefault	16	static
../AMG8833/../PH/ph_sensor.c:159:7:pH_GetValue	24	static
../AMG8833/../PH/ph_sensor.c:171:7:pH_VoltageToPhValue	24	static
../AMG8833/../PH/ph_sensor.c:197:13:pH_GetStatusString	16	static
../AMG8833/../PH/ph_sensor.c:222:19:pH_CalibrateSinglePoint	16	static
../AMG8833/../PH/ph_sensor.c:241:19:pH_CalibrateTwoPoint	16	static
../AMG8833/../PH/ph_sensor.c:267:19:pH_ResetCalibration	4	static
../AMG8833/../PH/ph_sensor.c:281:23:pH_GetCalibration	16	static
../AMG8833/../PH/ph_sensor.c:291:9:pH_IsReadingValid	24	static
../AMG8833/../Water_Temperature/ds18b20.c:28:18:DS18B20_Init	32	static
../AMG8833/../Water_Temperature/ds18b20.c:62:18:DS18B20_ReadTemperature	24	static
../AMG8833/../Water_Temperature/ds18b20.c:112:6:DS18B20_IsWorking	4	static
../AMG8833/../Water_Temperature/ds18b20.c:123:13:DS18B20_DelayUs	24	static,ignoring_inline_asm
../AMG8833/../Water_Temperature/ds18b20.c:136:13:DS18B20_Reset	32	static
../AMG8833/../Water_Temperature/ds18b20.c:178:13:DS18B20_WriteByte	24	static
../AMG8833/../Water_Temperature/ds18b20.c:189:16:DS18B20_ReadByte	16	static
../AMG8833/../Water_Temperature/ds18b20.c:202:13:DS18B20_WriteBit	40	static
../AMG8833/../Water_Temperature/ds18b20.c:231:16:DS18B20_ReadBit	32	static
../LoRaWAN/App/lora_app.c:243:6:LoRaWAN_Init	24	static
../LoRaWAN/App/lora_app.c:362:6:HAL_GPIO_EXTI_Callback	16	static
../LoRaWAN/App/lora_app.c:400:13:OnRxData	48	static
../LoRaWAN/App/lora_app.c:491:13:SendTxData	184	static
../LoRaWAN/App/lora_app.c:687:13:OnTxTimerEvent	16	static
../LoRaWAN/App/lora_app.c:701:13:OnTxTimerLedEvent	16	static
../LoRaWAN/App/lora_app.c:716:13:OnRxTimerLedEvent	16	static
../LoRaWAN/App/lora_app.c:731:13:OnJoinTimerLedEvent	16	static
../LoRaWAN/App/lora_app.c:746:13:OnTxData	32	static
../LoRaWAN/App/lora_app.c:780:13:OnJoinRequest	16	static
../LoRaWAN/App/lora_app.c:818:13:OnMacProcessNotify	8	static
